summary of right hemisphere .ws files   6/29/98
connections within basic unit is:
ex-ex		1x1  pzero = 0,		w=0.6
ex-in		1x1  pzero = 0,		w=0.15
in-ex		1x1  pzero = 0,		w=-0.15

The rest:
attsefd2.ws	9x9, pzero = 0,		w=0.05
attvatts.ws	1x1  pzero = 0,		w=0.05+-0.1
efd1efd2.ws	1x1  pzero = 0,		w=0.105
efd1exfr.ws	1x1  pzero = 0,		w=0.06
efd1infs.ws	1x1  pzero = 0,		w=0.02
efd1inss.ws	1x1  pzero = 0,		w=0.03
efd2efd1.ws	1x1  pzero = 0		w=0.1
efd2ev4c.ws	5x5  pzero = 0,		w=0.0014+-0.0007
efd2ev4h.ws	5x5  pzero = 0,		w=0.0014+-0.0007
efd2ev4v.ws	5x5  pzero = 0,		w=0.0014+-0.0007
efd2exss.ws	1x1  pzero = 0,		w=0.01+-0.002
ev1hev4c.ws	3x3  pzero = 0.5,	w=0.02+-0.01 (for the center cross)
ev1hev4h.ws	1x5  pzero = 0.5,	w=0.04+-0.01
ev1vev4c.ws	3x3  pzero = 0.5,	w=0.02+-0.01 (for the center cross)
ev1vev4v.ws	5x1  pzero = 0.5,	w=0.04+-0.01
ev4cexss.ws	5x5  pzero = 0.5,	w=0.0040+-0.002
ev4hev1h.ws	1x5  pzero = 0.5,	w=0.001+-0.001
ev4hexss.ws	5x5  pzero = 0.5,	w=0.0040+-0.002
ev4vev1v.ws	5x1  pzero = 0.5,	w=0.001+-0.001
ev4vexss.ws	5x5  pzero = 0.5,	w=0.0040+-0.002
exfrifd1.ws	1x1  pzero = 0		w=0.03
exfrifd2.ws	1x1  pzero = 0		w=0.065
exfsefd2.ws	1x1  pzero = 0		w=0.07
exfsexfr.ws	1x1  pzero = 0		w=0.05
exfsifd1.ws	1x1  pzero = 0		w=0.05
exssev4c.ws	4x4  pzero = 0		w=0.00125+-0.0006
exssev4h.ws	4x4  pzero = 0		w=0.00125+-0.0006
exssev4v.ws	4x4  pzero = 0		w=0.00125+-0.0006
exssexfs.ws	1x1  pzero = 0,		w=0.2+-0.02
lgnsev1h.ws	7x7  pzero = 0.5,	w=0.02+-0.002 for the middle row's 
					  center 5 elements
					  the row above and below center row:
     					  0.006+-0.003 at the 5 center element
					  rest is 0.003+-0.003
lgnsev1v.ws     analogous to the above, but switch row to col.

changes made:
- fanout for ev4vev1v changed from 1x5 to 5x1 to reflect vertical mapping
- all V4 to IT connections (ev4vexss.ws, etc) are changed 
    from 0.0048+-0.002 to 0.004+-0.002.  We have added the trained weights
    (ev4v.wt, etc) to be around 3.7 for each set (e.g. ev4v.wt). using the
    original 0.0048+-0.002 .ws files, we get the total weight for ev4vexss.w
    to be about 5.  So we need to reduce 0.0048 to about 0.004 so that
    the resulting .w file's summed weight is comparable to that of the
     trained weights.
